---
source: src/generator.rs
expression: "{\n    generate_resumeable_query_closure(&mut result, &vars, &components,\n    &relations); result\n}"
---
// context for this specific statemachine
let mut rel_index_2 = 0; <================= TODO

std::iter::fstd::iter::from_fn(move || { loop { match current_step {
    _ => unreachable!(),
}}})
